\BOOKMARK [1][-]{section.1}{\376\377\000I\000n\000t\000r\000o\000d\000u\000c\000t\000i\000o\000n\000\040\000t\000o\000\040\000P\000s\000y\000c\000h\000o\000a\000c\000o\000u\000s\000t\000i\000c\000s}{}% 1
\BOOKMARK [1][-]{section.2}{\376\377\000T\000h\000e\000\040\000H\000u\000m\000a\000n\000\040\000A\000u\000d\000i\000t\000o\000r\000y\000\040\000S\000y\000s\000t\000e\000m}{}% 2
\BOOKMARK [2][-]{subsection.2.1}{\376\377\000T\000h\000e\000\040\000o\000u\000t\000e\000r\000\040\000e\000a\000r}{section.2}% 3
\BOOKMARK [2][-]{subsection.2.2}{\376\377\000T\000h\000e\000\040\000m\000i\000d\000d\000l\000e\000\040\000e\000a\000r}{section.2}% 4
\BOOKMARK [2][-]{subsection.2.3}{\376\377\000T\000h\000e\000\040\000i\000n\000n\000e\000r\000\040\000e\000a\000r}{section.2}% 5
\BOOKMARK [2][-]{subsection.2.4}{\376\377\000H\000u\000m\000a\000n\000\040\000v\000s\000\040\000m\000a\000c\000h\000i\000n\000e\000\040\000p\000e\000r\000c\000e\000p\000t\000i\000o\000n}{section.2}% 6
\BOOKMARK [1][-]{section.3}{\376\377\000L\000o\000u\000d\000n\000e\000s\000s}{}% 7
\BOOKMARK [2][-]{subsection.3.1}{\376\377\000M\000e\000a\000s\000u\000r\000i\000n\000g\000\040\000l\000o\000u\000d\000n\000e\000s\000s}{section.3}% 8
\BOOKMARK [2][-]{subsection.3.2}{\376\377\000T\000h\000r\000e\000s\000h\000o\000l\000d\000\040\000o\000f\000\040\000h\000e\000a\000r\000i\000n\000g}{section.3}% 9
\BOOKMARK [2][-]{subsection.3.3}{\376\377\000S\000a\000f\000e\000\040\000l\000i\000s\000t\000e\000n\000i\000n\000g\000\040\000l\000e\000v\000e\000l\000s}{section.3}% 10
\BOOKMARK [2][-]{subsection.3.4}{\376\377\000E\000q\000u\000a\000l\000\040\000L\000o\000u\000d\000n\000e\000s\000s\000\040\000C\000o\000n\000t\000o\000u\000r\000s}{section.3}% 11
\BOOKMARK [2][-]{subsection.3.5}{\376\377\000J\000u\000s\000t\000\040\000n\000o\000t\000i\000c\000e\000a\000b\000l\000e\000\040\000d\000i\000f\000f\000e\000r\000e\000n\000c\000e\000s\000\040\000f\000o\000r\000\040\000l\000o\000u\000d\000n\000e\000s\000s}{section.3}% 12
\BOOKMARK [1][-]{section.4}{\376\377\000P\000i\000t\000c\000h}{}% 13
\BOOKMARK [2][-]{subsection.4.1}{\376\377\000P\000i\000t\000c\000h\000\040\000r\000a\000n\000g\000e}{section.4}% 14
\BOOKMARK [2][-]{subsection.4.2}{\376\377\000J\000u\000s\000t\000\040\000N\000o\000t\000i\000c\000e\000a\000b\000l\000e\000\040\000D\000i\000f\000f\000e\000r\000e\000n\000c\000e\000s\000\040\000f\000o\000r\000\040\000p\000i\000t\000c\000h}{section.4}% 15
\BOOKMARK [1][-]{section.5}{\376\377\000T\000i\000m\000b\000r\000e}{}% 16
\BOOKMARK [2][-]{subsection.5.1}{\376\377\000O\000v\000e\000r\000t\000o\000n\000e\000s}{section.5}% 17
\BOOKMARK [2][-]{subsection.5.2}{\376\377\000E\000n\000v\000e\000l\000o\000p\000e}{section.5}% 18
\BOOKMARK [2][-]{subsection.5.3}{\376\377\000J\000u\000s\000t\000\040\000n\000o\000t\000i\000c\000e\000a\000b\000l\000e\000\040\000d\000i\000f\000f\000e\000r\000e\000n\000c\000e\000s\000\040\000o\000f\000\040\000t\000i\000m\000b\000r\000e}{section.5}% 19
\BOOKMARK [1][-]{section.6}{\376\377\000S\000p\000a\000t\000i\000a\000l\000\040\000p\000e\000r\000c\000e\000p\000t\000i\000o\000n}{}% 20
\BOOKMARK [2][-]{subsection.6.1}{\376\377\000I\000n\000t\000e\000r\000a\000u\000r\000a\000l\000\040\000t\000i\000m\000e\000\040\000d\000i\000f\000f\000e\000r\000e\000n\000c\000e}{section.6}% 21
\BOOKMARK [2][-]{subsection.6.2}{\376\377\000I\000n\000t\000e\000r\000a\000u\000r\000a\000l\000\040\000l\000e\000v\000e\000l\000\040\000d\000i\000f\000f\000e\000r\000e\000n\000c\000e}{section.6}% 22
\BOOKMARK [2][-]{subsection.6.3}{\376\377\000H\000e\000a\000d\000-\000r\000e\000l\000a\000t\000e\000d\000\040\000t\000r\000a\000n\000s\000f\000e\000r\000\040\000f\000u\000n\000c\000t\000i\000o\000n}{section.6}% 23
\BOOKMARK [2][-]{subsection.6.4}{\376\377\000C\000o\000c\000k\000t\000a\000i\000l\000\040\000p\000a\000r\000t\000y\000\040\000e\000f\000f\000e\000c\000t}{section.6}% 24
\BOOKMARK [1][-]{section.7}{\376\377\000A\000u\000d\000i\000t\000o\000r\000y\000\040\000i\000l\000l\000u\000s\000i\000o\000n\000s}{}% 25
\BOOKMARK [2][-]{subsection.7.1}{\376\377\000H\000y\000s\000t\000e\000r\000e\000s\000i\000s}{section.7}% 26
\BOOKMARK [2][-]{subsection.7.2}{\376\377\000M\000a\000s\000k\000i\000n\000g\000\040\000E\000f\000f\000e\000c\000t\000s}{section.7}% 27
\BOOKMARK [2][-]{subsection.7.3}{\376\377\000S\000h\000e\000p\000a\000r\000d\000\040\000a\000n\000d\000\040\000R\000i\000s\000s\000e\000t\000\040\000t\000o\000n\000e\000s}{section.7}% 28
\BOOKMARK [2][-]{subsection.7.4}{\376\377\000M\000i\000s\000s\000i\000n\000g\000\040\000F\000u\000n\000d\000a\000m\000e\000n\000t\000a\000l}{section.7}% 29
\BOOKMARK [2][-]{subsection.7.5}{\376\377\000B\000i\000n\000a\000u\000r\000a\000l\000\040\000B\000e\000a\000t\000s}{section.7}% 30
\BOOKMARK [1][-]{section.8}{\376\377\000Q\000u\000e\000s\000t\000i\000o\000n\000s}{}% 31
